<html>
<body>
<pre>
<h1>µVision Build Log</h1>
<h2>Tool Versions:</h2>
IDE-Version: µVision V5.38.0.0
Copyright (C) 2022 ARM Ltd and ARM Germany GmbH. All rights reserved.
License Information: Yiðit Duman, TOBB ETU, LIC=----
 
Tool Versions:
Toolchain:       MDK-Lite  Version: 5.38.0.0
Toolchain Path:  C:\Keil_v5\ARM\ARMCLANG\Bin
C Compiler:      ArmClang.exe V6.19
Assembler:       Armasm.exe V6.19
Linker/Locator:  ArmLink.exe V6.19
Library Manager: ArmAr.exe V6.19
Hex Converter:   FromElf.exe V6.19
CPU DLL:         SARMCM3.DLL V5.38.0.0
Dialog DLL:      DCM.DLL V1.17.5.0
Target DLL:      STLink\ST-LINKIII-KEIL_SWO.dll V3.1.0.0
Dialog DLL:      TCM.DLL V1.56.4.0
 
<h2>Project:</h2>
C:\Users\yigit\OneDrive\Desktop\ELE-362\MDK-ARM\ELE 362.uvprojx
Project File Date:  11/30/2023

<h2>Output:</h2>
*** Using Compiler 'V6.19', folder: 'C:\Keil_v5\ARM\ARMCLANG\Bin'
Build target 'ELE 362'
compiling circular_buffer.c...
../Src/main.c(105): warning: passing 'volatile CircularBuffer *' to parameter of type 'CircularBuffer *' discards qualifiers [-Wincompatible-pointer-types-discards-qualifiers]
        arrangeCircularBuffer(&circularBuffer, &bufferArray, BUFFER_SIZE);
                              ^~~~~~~~~~~~~~~
../Inc\circular_buffer.h(16): note: passing argument to parameter 'ptr' here
void arrangeCircularBuffer(CircularBuffer *ptr, uint8_t *buffer, uint32_t size);
                                           ^
../Src/main.c(105): warning: incompatible pointer types passing 'uint8_t (*)[64]' (aka 'unsigned char (*)[64]') to parameter of type 'uint8_t *' (aka 'unsigned char *') [-Wincompatible-pointer-types]
        arrangeCircularBuffer(&circularBuffer, &bufferArray, BUFFER_SIZE);
                                               ^~~~~~~~~~~~
../Inc\circular_buffer.h(16): note: passing argument to parameter 'buffer' here
void arrangeCircularBuffer(CircularBuffer *ptr, uint8_t *buffer, uint32_t size);
                                                         ^
../Src/main.c(131): warning: passing 'volatile uint8_t *' (aka 'volatile unsigned char *') to parameter of type 'uint8_t *' (aka 'unsigned char *') discards qualifiers [-Wincompatible-pointer-types-discards-qualifiers]
        HAL_UART_Receive_IT(&huart3,&temp,1);
                                    ^~~~~
../Drivers/STM32F4xx_HAL_Driver/Inc\stm32f4xx_hal_uart.h(725): note: passing argument to parameter 'pData' here
HAL_StatusTypeDef HAL_UART_Receive_IT(UART_HandleTypeDef *huart, uint8_t *pData, uint16_t Size);
                                                                          ^
../Src/main.c(276): warning: passing 'volatile uint8_t *' (aka 'volatile unsigned char *') to parameter of type 'uint8_t *' (aka 'unsigned char *') discards qualifiers [-Wincompatible-pointer-types-discards-qualifiers]
                HAL_UART_Receive_IT(&huart3, &temp, 1);
                                             ^~~~~
../Drivers/STM32F4xx_HAL_Driver/Inc\stm32f4xx_hal_uart.h(725): note: passing argument to parameter 'pData' here
HAL_StatusTypeDef HAL_UART_Receive_IT(UART_HandleTypeDef *huart, uint8_t *pData, uint16_t Size);
                                                                          ^
../Src/main.c(283): warning: passing 'volatile CircularBuffer *' to parameter of type 'CircularBuffer *' discards qualifiers [-Wincompatible-pointer-types-discards-qualifiers]
        pushItemToBuff(&circularBuffer, byte);
                       ^~~~~~~~~~~~~~~
../Inc\circular_buffer.h(18): note: passing argument to parameter 'ptr' here
void pushItemToBuff(CircularBuffer *ptr, uint8_t item);
                                    ^
../Src/main.c(285): warning: passing 'volatile CircularBuffer *' to parameter of type 'CircularBuffer *' discards qualifiers [-Wincompatible-pointer-types-discards-qualifiers]
        stateMachine(&circularBuffer, byte);
                     ^~~~~~~~~~~~~~~
../Src/main.c(81): note: passing argument to parameter 'ptr' here
void stateMachine(CircularBuffer *ptr, uint8_t byte);
                                  ^
../Src/main.c(424): warning: cast to 'char *' from smaller integer type 'uint8_t' (aka 'unsigned char') [-Wint-to-pointer-cast]
      NOKIA_Out(row, column, (char*)item); // Bu satiri editlenecek
                             ^~~~~~~~~~~
7 warnings generated.
compiling main.c...
linking...
Program Size: Code=11640 RO-data=1116 RW-data=12 ZI-data=1804  
FromELF: creating hex file...
"ELE 362\ELE 362.axf" - 0 Error(s), 7 Warning(s).

<h2>Software Packages used:</h2>

Package Vendor: ARM
                http://www.keil.com/pack/ARM.CMSIS.5.9.0.pack
                ARM.CMSIS.5.9.0
                CMSIS (Common Microcontroller Software Interface Standard)
   * Component: CORE Version: 5.6.0

Package Vendor: Keil
                https://www.keil.com/pack/Keil.STM32F4xx_DFP.2.17.1.pack
                Keil.STM32F4xx_DFP.2.17.1
                STMicroelectronics STM32F4 Series Device Support, Drivers and Examples

<h2>Collection of Component include folders:</h2>
  ./RTE/_ELE_362
  C:/Users/yigit/AppData/Local/Arm/Packs/ARM/CMSIS/5.9.0/CMSIS/Core/Include
  C:/Users/yigit/AppData/Local/Arm/Packs/Keil/STM32F4xx_DFP/2.17.1/Drivers/CMSIS/Device/ST/STM32F4xx/Include

<h2>Collection of Component Files used:</h2>

   * Component: ARM::CMSIS:CORE:5.6.0
      Include file:  CMSIS/Core/Include/tz_context.h
Build Time Elapsed:  00:00:02
</pre>
</body>
</html>
